[
  {
    "name": "John",
    "age": 30
  },
  [
    "Java",
    "Scala"
  ],
  {
    "name": "Alice",
    "age": 25
  },
  [
    "Python",
    "JavaScript"
  ]
]
